#-----------------------------------------------------------
# Vivado v2014.4 (64-bit)
# SW Build 1071353 on Tue Nov 18 16:47:07 MST 2014
# IP Build 1070531 on Tue Nov 18 01:10:18 MST 2014
# Start of session at: Fri Jun 26 16:25:19 2015
# Process ID: 9381
# Log file: /home/subhagato/Codes/smartheadlight_fpga/CameraLinkTest/vivado.log
# Journal file: /home/subhagato/Codes/smartheadlight_fpga/CameraLinkTest/vivado.jou
#-----------------------------------------------------------
start_gui
open_project /home/subhagato/Codes/smartheadlight_fpga/CameraLinkTest/CameraLinkTest.xpr
open_hw
connect_hw_server -url localhost:3121
current_hw_target [get_hw_targets */xilinx_tcf/Xilinx/000015e0f14001]
set_property PARAM.FREQUENCY 6000000 [get_hw_targets */xilinx_tcf/Xilinx/000015e0f14001]
open_hw_target
set_property PROGRAM.FILE {/home/subhagato/Codes/smartheadlight_fpga/CameraLinkTest/CameraLinkTest.runs/impl_2/design_1_wrapper.bit} [lindex [get_hw_devices] 1]
set_property PROBES.FILE {/home/subhagato/Codes/smartheadlight_fpga/CameraLinkTest/CameraLinkTest.runs/impl_2/debug_nets.ltx} [lindex [get_hw_devices] 1]
current_hw_device [lindex [get_hw_devices] 1]
refresh_hw_device [lindex [get_hw_devices] 1]
run_hw_ila hw_ila_1
wait_on_hw_ila hw_ila_1
display_hw_ila_data [upload_hw_ila_data hw_ila_1]
