Copyright 1986-2014 Xilinx, Inc. All Rights Reserved.
---------------------------------------------------------------------------------------------------------------------------
| Tool Version : Vivado v.2014.4 (lin64) Build 1071353 Tue Nov 18 16:47:07 MST 2014
| Date         : Thu Jun 11 21:14:23 2015
| Host         : headlight-pc running 64-bit Ubuntu 12.04.5 LTS
| Command      : report_utilization -file design_1_wrapper_utilization_synth.rpt -pb design_1_wrapper_utilization_synth.pb
| Design       : design_1_wrapper
| Device       : xc7z030
| Design State : Synthesized
---------------------------------------------------------------------------------------------------------------------------

Utilization Design Information

Table of Contents
-----------------
1. Slice Logic
1.1 Summary of Registers by Type
2. Memory
3. DSP
4. IO and GT Specific
5. Clocking
6. Specific Feature
7. Primitives
8. Black Boxes
9. Instantiated Netlists

1. Slice Logic
--------------

+----------------------------+------+-------+-----------+-------+
|          Site Type         | Used | Fixed | Available | Util% |
+----------------------------+------+-------+-----------+-------+
| Slice LUTs*                | 1517 |     0 |     78600 |  1.93 |
|   LUT as Logic             | 1437 |     0 |     78600 |  1.82 |
|   LUT as Memory            |   80 |     0 |     26600 |  0.30 |
|     LUT as Distributed RAM |    0 |     0 |           |       |
|     LUT as Shift Register  |   80 |     0 |           |       |
| Slice Registers            | 1745 |     0 |    157200 |  1.11 |
|   Register as Flip Flop    | 1745 |     0 |    157200 |  1.11 |
|   Register as Latch        |    0 |     0 |    157200 |  0.00 |
| F7 Muxes                   |   32 |     0 |     39300 |  0.08 |
| F8 Muxes                   |   16 |     0 |     19650 |  0.08 |
+----------------------------+------+-------+-----------+-------+
* Warning! The Final LUT count, after physical optimizations and full implementation, is typically lower. Run opt_design after synthesis, if not already completed, for a more realistic count.


1.1 Summary of Registers by Type
--------------------------------

+-------+--------------+-------------+--------------+
| Total | Clock Enable | Synchronous | Asynchronous |
+-------+--------------+-------------+--------------+
| 0     |            _ |           - |            - |
| 0     |            _ |           - |          Set |
| 0     |            _ |           - |        Reset |
| 0     |            _ |         Set |            - |
| 0     |            _ |       Reset |            - |
| 0     |          Yes |           - |            - |
| 2     |          Yes |           - |          Set |
| 0     |          Yes |           - |        Reset |
| 27    |          Yes |         Set |            - |
| 1716  |          Yes |       Reset |            - |
+-------+--------------+-------------+--------------+


2. Memory
---------

+-------------------+------+-------+-----------+-------+
|     Site Type     | Used | Fixed | Available | Util% |
+-------------------+------+-------+-----------+-------+
| Block RAM Tile    |  2.5 |     0 |       265 |  0.94 |
|   RAMB36/FIFO*    |    2 |     0 |       265 |  0.75 |
|     RAMB36E1 only |    2 |       |           |       |
|   RAMB18          |    1 |     0 |       530 |  0.18 |
|     RAMB18E1 only |    1 |       |           |       |
+-------------------+------+-------+-----------+-------+
* Note: Each Block RAM Tile only has one FIFO logic available and therefore can accommodate only one FIFO36E1 or one FIFO18E1. However, if a FIFO18E1 occupies a Block RAM Tile, that tile can still accommodate a RAMB18E1


3. DSP
------

+-----------+------+-------+-----------+-------+
| Site Type | Used | Fixed | Available | Util% |
+-----------+------+-------+-----------+-------+
| DSPs      |    0 |     0 |       400 |  0.00 |
+-----------+------+-------+-----------+-------+


4. IO and GT Specific
---------------------

+-----------------------------+------+-------+-----------+-------+
|          Site Type          | Used | Fixed | Available | Util% |
+-----------------------------+------+-------+-----------+-------+
| Bonded IOB                  |   33 |     0 |       250 | 13.20 |
| Bonded IPADs                |    0 |     0 |        14 |  0.00 |
| Bonded OPADs                |    0 |     0 |         8 |  0.00 |
| Bonded IOPADs               |    0 |     0 |       130 |  0.00 |
| PHY_CONTROL                 |    0 |     0 |         5 |  0.00 |
| PHASER_REF                  |    0 |     0 |         5 |  0.00 |
| OUT_FIFO                    |    0 |     0 |        20 |  0.00 |
| IN_FIFO                     |    0 |     0 |        20 |  0.00 |
| IDELAYCTRL                  |    1 |     0 |         5 | 20.00 |
| IBUFGDS                     |    0 |     0 |       240 |  0.00 |
| GTXE2_COMMON                |    0 |     0 |         1 |  0.00 |
| GTXE2_CHANNEL               |    0 |     0 |         4 |  0.00 |
| PHASER_OUT/PHASER_OUT_PHY   |    0 |     0 |        20 |  0.00 |
| PHASER_IN/PHASER_IN_PHY     |    0 |     0 |        20 |  0.00 |
| IDELAYE2/IDELAYE2_FINEDELAY |   28 |     0 |       250 | 11.20 |
|   IDELAYE2 only             |   28 |     0 |           |       |
| ODELAYE2/ODELAYE2_FINEDELAY |    0 |     0 |       150 |  0.00 |
| IBUFDS_GTE2                 |    0 |     0 |         2 |  0.00 |
| ILOGIC                      |   27 |     0 |       250 | 10.80 |
|   ISERDES                   |   27 |       |           |       |
| OLOGIC                      |    0 |     0 |       250 |  0.00 |
+-----------------------------+------+-------+-----------+-------+


5. Clocking
-----------

+------------+------+-------+-----------+-------+
|  Site Type | Used | Fixed | Available | Util% |
+------------+------+-------+-----------+-------+
| BUFGCTRL   |    3 |     0 |        32 |  9.37 |
| BUFIO      |    0 |     0 |        20 |  0.00 |
| MMCME2_ADV |    1 |     0 |         5 | 20.00 |
| PLLE2_ADV  |    0 |     0 |         5 |  0.00 |
| BUFMRCE    |    0 |     0 |        10 |  0.00 |
| BUFHCE     |    0 |     0 |        96 |  0.00 |
| BUFR       |    0 |     0 |        20 |  0.00 |
+------------+------+-------+-----------+-------+


6. Specific Feature
-------------------

+-------------+------+-------+-----------+-------+
|  Site Type  | Used | Fixed | Available | Util% |
+-------------+------+-------+-----------+-------+
| BSCANE2     |    0 |     0 |         4 |  0.00 |
| CAPTUREE2   |    0 |     0 |         1 |  0.00 |
| DNA_PORT    |    0 |     0 |         1 |  0.00 |
| EFUSE_USR   |    0 |     0 |         1 |  0.00 |
| FRAME_ECCE2 |    0 |     0 |         1 |  0.00 |
| ICAPE2      |    0 |     0 |         2 |  0.00 |
| PCIE_2_1    |    0 |     0 |         1 |  0.00 |
| STARTUPE2   |    0 |     0 |         1 |  0.00 |
| XADC        |    0 |     0 |         1 |  0.00 |
+-------------+------+-------+-----------+-------+


7. Primitives
-------------

+------------+------+---------------------+
|  Ref Name  | Used | Functional Category |
+------------+------+---------------------+
| FDRE       | 1716 |        Flop & Latch |
| LUT6       |  611 |                 LUT |
| LUT5       |  462 |                 LUT |
| LUT3       |  374 |                 LUT |
| LUT4       |  226 |                 LUT |
| LUT2       |  139 |                 LUT |
| SRL16E     |   80 |  Distributed Memory |
| LUT1       |   49 |                 LUT |
| MUXF7      |   32 |               MuxFx |
| IBUFDS     |   29 |                  IO |
| IDELAYE2   |   28 |                  IO |
| ISERDESE2  |   27 |                  IO |
| FDSE       |   27 |        Flop & Latch |
| MUXF8      |   16 |               MuxFx |
| CARRY4     |   15 |          CarryLogic |
| BUFG       |    3 |               Clock |
| RAMB36E1   |    2 |        Block Memory |
| FDPE       |    2 |        Flop & Latch |
| RAMB18E1   |    1 |        Block Memory |
| MMCME2_ADV |    1 |               Clock |
| IDELAYCTRL |    1 |                  IO |
| IBUF       |    1 |                  IO |
+------------+------+---------------------+


8. Black Boxes
--------------

+------------+------+
|  Ref Name  | Used |
+------------+------+
| dbg_hub_CV |    1 |
+------------+------+


9. Instantiated Netlists
------------------------

+----------+------+
| Ref Name | Used |
+----------+------+


